<?xml version="1.0" encoding="UTF-8"?>
<TestRun id="52b3a3e0-a2bf-40a9-9ada-136e1b7b2bde" name="Ricco@STUDY-PC 2010-09-26 15:54:50" runUser="STUDY-PC\Ricco" xmlns="http://microsoft.com/schemas/VisualStudio/TeamTest/2006">
  <TestRunConfiguration name="Local Test Run" id="a03c0591-79ca-4567-92ff-9e4a026dd76f">
    <Description>This is a default test run configuration for a local test run.</Description>
    <Deployment runDeploymentRoot="C:\Users\Ricco\Desktop\BuildWatcher\TestResults\Ricco_STUDY-PC 2010-09-26 15_54_50">
      <DeploymentItem filename="C:\Users\Ricco\Desktop\BuildWatcher\Libs\RhinoMocks\Rhino.Mocks.dll" />
      <DeploymentItem filename="C:\Users\Ricco\Desktop\BuildWatcher\HudsonWcfService\bin\BuildFetcherService.dll" />
      <DeploymentItem filename="C:\Users\Ricco\Desktop\BuildWatcher\BuildFetcher\bin\Debug\Build Fetcher.dll" />
    </Deployment>
    <TestTypeSpecific />
  </TestRunConfiguration>
  <ResultSummary outcome="Completed">
    <Counters total="1" executed="1" passed="1" error="0" failed="0" timeout="0" aborted="0" inconclusive="0" passedButRunAborted="0" notRunnable="0" notExecuted="0" disconnected="0" warning="0" completed="0" inProgress="0" pending="0" />
  </ResultSummary>
  <Times creation="2010-09-26T15:54:50.8850237+01:00" queuing="2010-09-26T15:54:53.8210237+01:00" start="2010-09-26T15:54:53.9820237+01:00" finish="2010-09-26T15:55:10.0850237+01:00" />
  <TestDefinitions>
    <UnitTest name="ShouldGetCurrentBuildState" storage="c:\users\ricco\desktop\buildwatcher\tests\bin\debug\buildservice.tests.dll" id="20142e55-0a22-2f6d-889a-70b05e3f6afd">
      <Css projectStructure="" iteration="" />
      <Owners>
        <Owner name="" />
      </Owners>
      <Execution id="692afd2e-2df0-4cb3-9f0f-cc037e5b4695" />
      <TestMethod codeBase="C:\Users\Ricco\Desktop\BuildWatcher\Tests\bin\Debug\BuildService.Tests.dll" adapterTypeName="Microsoft.VisualStudio.TestTools.TestTypes.Unit.UnitTestAdapter, Microsoft.VisualStudio.QualityTools.Tips.UnitTest.Adapter, Version=9.0.0.0, Culture=neutral, PublicKeyToken=b03f5f7f11d50a3a" className="BuildFetcher.Tests.WhenRequestingCurrentBuildForTrunkBuilder, BuildService.Tests" name="ShouldGetCurrentBuildState" />
    </UnitTest>
  </TestDefinitions>
  <TestLists>
    <TestList name="Results Not in a List" id="8c84fa94-04c1-424b-9868-57a2d4851a1d" />
    <TestList name="All Loaded Results" id="19431567-8539-422a-85d7-44ee4e166bda" />
  </TestLists>
  <TestEntries>
    <TestEntry testId="20142e55-0a22-2f6d-889a-70b05e3f6afd" executionId="692afd2e-2df0-4cb3-9f0f-cc037e5b4695" testListId="8c84fa94-04c1-424b-9868-57a2d4851a1d" />
  </TestEntries>
  <Results>
    <UnitTestResult executionId="692afd2e-2df0-4cb3-9f0f-cc037e5b4695" testId="20142e55-0a22-2f6d-889a-70b05e3f6afd" testName="ShouldGetCurrentBuildState" computerName="STUDY-PC" duration="00:00:15.6426463" startTime="2010-09-26T15:54:54.1080237+01:00" endTime="2010-09-26T15:55:10.0260237+01:00" testType="13cdc9d9-ddb5-4fa4-a97d-d965ccfc6d4b" outcome="Passed" testListId="8c84fa94-04c1-424b-9868-57a2d4851a1d">
      <Output>
      </Output>
    </UnitTestResult>
  </Results>
</TestRun>